<html>
<body>
<pre>
<h1>µVision Build Log</h1>
<h2>Tool Versions:</h2>
IDE-Version: ¦ÌVision V5.14.0.0
Copyright (C) 2015 ARM Ltd and ARM Germany GmbH. All rights reserved.
License Information: yefeng yefeng, yefeng, LIC=EPP74-F8JPT-66TQS-LM4XU-49UM4-KGGSZ
 
Tool Versions:
Toolchain:       MDK-ARM Professional  Version: 5.14.0.0
Toolchain Path:  C:\Keil_v5\ARM\ARMCC\Bin
C Compiler:      Armcc.exe V5.05 update 1 (build 106)
Assembler:       Armasm.exe V5.05 update 1 (build 106)
Linker/Locator:  ArmLink.exe V5.05 update 1 (build 106)
Library Manager: ArmAr.exe V5.05 update 1 (build 106)
Hex Converter:   FromElf.exe V5.05 update 1 (build 106)
CPU DLL:         SARMCM3.DLL V5.14.0.0
Dialog DLL:      DCM.DLL V1.13.1.0
Target DLL:      CMSIS_AGDI.dll V1.21.0.0
Dialog DLL:      TCM.DLL V1.14.4.0
 
<h2>Project:</h2>
D:\yefeng\Exercise\Ctest\ucosii-\temp_project\Project\temp_project.uvprojx
Project File Date:  03/26/2019

<h2>Output:</h2>
Build target 'Target 1'
compiling main.c...
linking...
Program Size: Code=5488 RO-data=592 RW-data=112 ZI-data=10600  
FromELF: creating hex file...
After Build - User command #1: fromelf --bin --output bin\project.bin Objects\temp_project.axf
".\Objects\temp_project.axf" - 0 Error(s), 0 Warning(s).

<h2>Collection of Component include folders:</h2>
  D:\yefeng\Exercise\Ctest\ucosii-\temp_project\Project\RTE
  C:\Keil_v5\ARM\PACK\Keil\STM32F1xx_DFP\2.1.0

<h2>Collection of Component Files used:</h2>
</pre>
</body>
</html>
